/techsaga/i
/farooqparacha/i
/overseasjobz/i
/divorcemistakes/i
/12pckages/i
/Please sign this invoice/i
/Help us secure your GitHub account/i
/githubverification/i
/fishalumaice/i
/alumaice/i
/website audit report/i
/argue a charge in the sum/i
/very confidential business proposition/i
/If you want to continue using your email address/i
/email is to inform you that we will close your account/i
/not ranking on any of the search engines/i
/bc1qyg3srjs0gz9l97xdp00vms4sgxa3ymj7aw7vae/i
/covoco/i
/(Dear Business Person|bulkmailmarketer|Mike Sevort|trrr.life|sevortmike|Jesse Nickles|hucksters.net|littlebizzy)/i
/(very suitable for your company sell and capture market|bestfactory|nickel hardware|canvas hardware|zinc alloy nickel plated)/i
/(SEO-Friendly|Looking for a Web Development Company)/i
/This is to inform you of a debt to our company/i
/emailserver-[0-9][a-z][0-9][0-9][0-9]\.appspot\.com/i
/(FaceAPI|hirak.cc)/i
/8020prosperity/i
/pot-profiteer.com/i
/email-expiry.web.app/i
/bestseosolution/i
/135-3336-4568/i
/(Deltrol Corp|Chris Mohr|your company latest catalog)/i
/I have a suggestion for the site owner/i
/seoppcworld/i
/8pay.network/i
/sending this message to argue a debit in the amount/i
/(mold manufacturing|injection plastic molding|CNC machining|plastic injection molds)/i
/SMMGiants/i
/help you to build own new mobile/i
/anything you can imagine at very affordable prices/i
/position in search result/i
/(Giovanni Caporaso Gottlieb|OPM CORPORATION)/i
/(China Registry|registration and solution center in China|internet keyword and China|this name conflict with your company|company is your distributor in China)/i
/(Syed Hussain Abidi|wide range of project finance packages|meff.inc|most appropriate option or combination of options)/i
/your refusal of email security update/i
/(We recently installed new security features for all the|You will not be able to use your account if this process|We require our customers to check and update|Account will be  automatically deleted)/i
/attached is the paperwork that needs your signature/i
/Please see attached for list of pending emails/i
/We have a new version for your mailbox/i
/Please remit payment at your earliest convenience/i
/(blassflustered|Your email account is currently undergoing an annual upgrade|To avoid account shut down Please verify your email)/i
