/(mindbox.ru|newsletter.globalnews.ca|newsletter.advrider.com|bellmedia-ctv|shifstore.lt|email.britannica.com|sendibm1.com|findbride.email)/i
/(u2477392|mail-list.abc.net.au|recursosdeautoayuda|cleantalk.org|encyclopaediabritannica|email.cbsnews.com|warc.com|e-clicks.guns.com|timeinpixels.com|birdinflight.com)/i
/(sheknows.com|serranojoyeros.es|bezzia.com|beverlyeurope.com|canyougetmeltd.com)/i
/(salesmanago.pl|deadline.com|email.rollingstone.com|email.variety.com|App Development Manager|any app for your business|freshmail.direct|shopimind.com|pardot.com|kosmart.eu)/i
/techsaga/i
/farooqparacha/i
/overseasjobz/i
/divorcemistakes/i
/12pckages/i
/Please sign this invoice/i
/Help us secure your GitHub account/i
/githubverification/i
/fishalumaice/i
/alumaice/i
/website audit report/i
/argue a charge in the sum/i
/very confidential business proposition/i
/If you want to continue using your email address/i
/email is to inform you that we will close your account/i
/not ranking on any of the search engines/i
/bc1qyg3srjs0gz9l97xdp00vms4sgxa3ymj7aw7vae/i
/covoco/i
/(Dear Business Person|bulkmailmarketer|Mike Sevort|trrr.life|sevortmike|Jesse Nickles|hucksters.net|littlebizzy)/i
/(very suitable for your company sell and capture market|bestfactory|nickel hardware|canvas hardware|zinc alloy nickel plated)/i
/(SEO-Friendly|Looking for a Web Development Company)/i
/This is to inform you of a debt to our company/i
/emailserver-[0-9][a-z][0-9][0-9][0-9]\.appspot\.com/i
/(FaceAPI|hirak.cc)/i
/8020prosperity/i
/pot-profiteer.com/i
/email-expiry.web.app/i
/bestseosolution/i
/135-3336-4568/i
/(Deltrol Corp|Chris Mohr|your company latest catalog)/i
/I have a suggestion for the site owner/i
/seoppcworld/i
/8pay.network/i
/sending this message to argue a debit in the amount/i
/(mold manufacturing|injection plastic molding|CNC machining|plastic injection molds)/i
/SMMGiants/i
/help you to build own new mobile/i
/anything you can imagine at very affordable prices/i
/position in search result/i
/(frantech.xyz|We recently got a login request that used your password)/i
/(Giovanni Caporaso Gottlieb|OPM CORPORATION)/i
/(China Registry|registration and solution center in China|internet keyword and China|this name conflict with your company|company is your distributor in China)/i
/(Syed Hussain Abidi|wide range of project finance packages|meff.inc|most appropriate option or combination of options)/i
/your refusal of email security update/i
/(We recently installed new security features for all the|You will not be able to use your account if this process|We require our customers to check and update|Account will be  automatically deleted)/i
/attached is the paperwork that needs your signature/i
/Please see attached for list of pending emails/i
/We have a new version for your mailbox/i
/Please remit payment at your earliest convenience/i
/(blassflustered|Your email account is currently undergoing an annual upgrade|To avoid account shut down Please verify your email)/i
/(We are an IT company offering|web developer who builds amazing looking|Please find the company forms for change)/i
/(We recently detected an unusual activity|not the only one here who's not married)/i
/prestashop.com/i
/(laboratoriumpanidomu.pl|list-manage.com|cartsguru|physique57|maisonstandards|Pura Vida Clothes|puravidaclothes)/i
/(heise.de|dnevnik.hr|eporner.com|Newegg Canada|thegradcafe.com|tnaflix|edx.org|sussex.ac.uk|chatwork.com|receive Groupon communications|speedyessay.co.uk|pyimagesearch.com|unabodaoriginal.es|birdinflight.com|infosdroits.fr|sendy.private.com|falllinemedialtd|bestdroidplayer.com|link.vox.com|rasamalaysia.com|leam.com|tchibo-content.de|tchibo.de|identity-mag.com|warc.com|alawar.es|splcenter.org|ezinemart.com|aikiweb.com|britannica.com|promo.newegg.com|ledauphine.com|estrepublicain.fr|acemlnc.com|Blaze Media LLC|findbridemailing.com|emailsp.com|italotreno|National Skill Development Corporation|link.vox.com|exceljet.net|karinejeff.fr|memecosmetics.fr)/i
/(mascaro.com|Audley Shoes|ONLINECOSMETICOS|lastijerasmagicas.com|Hairshop.lu|lesciseauxmagiques|force-mobility.fr|Bigben Connected|mydplr.com|Time2Padel|particolari|bleuforet.fr|nifeislife.com|Zephyr Paris|TanExpert|BeauxArts|therealnews|Ginormous Content|Project Camelot|RostrumLegal|ACRON d.o.o.|Papier Tigre|Terres de Café|oxkick.com|actualidadliteratura.com)/i
/(Thank you for creating a customer account at|Iti multumim ca ti-ai creat cont la|Merci d'avoir créé votre compte client sur|VIELEN DANK FÜR DIE ERÖFFNUNG IHRES KUNDENKONTOS BEI|Regarding your newsletter subscription|En remerciement pour votre inscription|GRACIAS POR CREAR UNA CUENTA DE|Dziękujemy za utworzenie konta klienta na)/i
/(This message confirms your subscription|Merci pour l'inscription|Benvenuto nel nostro mondo|Thanks for your interest in our mailing list|Esta mensagem confirma sua assinatura|ĎAKUJEME ZA VAŠU REGISTRÁCIU|Su cuenta en LG ya está casi lista|Da ora ti informeremo su tutte le|Merci de vous êtes abonné à notre newsletter|adesso fai parte del team|Bedankt voor het aanmaken van uw klantaccount)/i
/(Merci d'avoir créé ton compte|I dati di accesso del tuo account|I dati di accesso del tuo account|Скоро мы начнем отправлять Вам|THANK YOU FOR REGISTER AN ACCOUNT AT|kad užsisakėte gauti mūsų specialius pasiūlymus|Спасибо за регистрацию|Thank you for creating an account)/i
/(Thank you for opening your account|thrilled to have you as part of our loyalty program|livealgae.co.uk|Takk for at du har meldt|liste ou si vous ne savez pas|Grazie per aver creato il tuo account|Vielen Dank für die Eröffnung Ihres|VIELEN DANK FÜR DIE ERÖFFNUNG|shopon.hu|kad susikūrėte kliento paskyrą|Gracias por suscribirte|PLEASE CLICK THE ACTIVATION LINK BELOW TO ACTIVATE YOUR ACCOUNT|combishop.dk|Veuillez cliquer sur le lien suivant pour terminer votre inscription|Vielen Dank für Ihre Anmeldung beim führenden)/i
/(alinderi.com.tr|MERCI D'AVOIR CRÉÉ VOTRE COMPTE|Votre compte client sur|Thank you for creating your customer account|Thank you for placing your trust in us|Twoje zamówienie nie zostało zrealizowane|Thank you for subscribing to our Newsletter|Ευχαριστούμε που δημιουργήσατε λογαριασμό|thank you for subscribing to our email list|Do you want to receive newsletters from|ponieważ twój adres został zapisany|VAŠA EMAIL ADRESA ZA PRIJAVU NA|BENVENUTO IN PARTICOLARI|We're so happy you found us|gintarobaldai.lt)/i
/(visit the following address|cliquez sur le lien Connexion en haut de chaque page|Thank you for creating a customer account|Please Use the link below to verify your email address|confirma tu suscripción|reset-password|The Nib|Please confirm your email address by clicking the link below|action=rp)/i
